Hh, Hh, Hh, Hh, Hh, Gs^Fds, Gs^Fds, Gs^Fds, Gs^Fds, Gs^Fds, Gg, Gg, Gg, Re, Gs, Gs, Gg^Fds, Gg^Fds, Wwg, Wwg, Gg^Fds, Gg^Fms, Gs^Fms, Gs^Fds, Gs^Fms, Hh, Gs^Fms, Mm, Gs^Fds, Mm, Hh, Mm, Mm, Mm, Mm, Mm, Mm
Mm, Hh, Hh, Hh, Gs^Fds, Gs^Fds, Gs^Fds, Gs^Fds, Gs, Gs, Gs, Gs, Gs, Re, Gs, Gg, Gg, Gg^Fds, Wwg, Wwg, Gg^Fds, Gg^Fds, Gg^Fms, Gg^Fms, Gs^Fms, Gs^Fds, Gs^Fms, Gs^Fms, Gs^Fds, Hh^Em, Gs^Fds, Hh, Hh, Mm, Mm, Mm, Mm
Mm, Mm, Hh, Gs^Fds, Gs^Fds, Gs^Fds, Gs, Gs, Gs, Gs, Ch, Gs, Gs, Re, Gs, Gg, Rb^Gvs, Rb^Gvs, Rb^Gvs, Ww, Ww, Gg^Fds, Ww, Gg^Fds, Gg, Gg, Gg, Gs, Gs, Gs^Fds, Gs^Fds, Gs^Fds, Hh, Hh, Hh, Mm, Mm
Gs^Fds, Mm, Hh, Gs^Fds, Gs^Fds, Gs, Gs, Gs, 3 Kh, Ch, Rr^Vhc, Ch, Rr, Re, Gs, Rb^Gvs, Rb^Gvs, Rb^Gvs, Rb^Gvs, Ww, Ww, Ww, Ww, Ww, Ww, Ww, Ww, Gg, Re, Re^Vl, Hh, Hh^Em, Gs^Fds, Gs^Fds, Hh, Mm, Mm
Gs^Fds, Gs^Fds, Gs, Gs^Fds, Gs, Gs, Gs, Rr, Ch, Rr, Rr, Rr, Rr^Vhc, Gs, Gs, Gs, Rb^Gvs, Rb^Gvs, Rb^Gvs, Rb^Gvs, Ww, Ww, Ww, Ww, Ww, Ww, Gg^Fds, Gg^Fds, Gs, Gs^Fds, Hh, Hh, Gs^Fds, Hh, Hh, Mm, Mm
Gs, Gs, Re, Gs, Re, Re, Re, Rr^Vhc, Ch, Rr, Rr, Rr, Rr, Rr, Gs, Gs, Gs, Rb^Gvs, Rb^Gvs, Rb^Gvs, Rb^Gvs, Ww, Ww, Ww, Ww, Ww, Gg^Fds, Gg^Fds, Gs, Gs, Hh, Hh, Hh, Hh, Mm, Mm, Mm
Re, Re, Gs, Re, Gs, Gs, Gs, Rr, Rr, Ch, Rr, Rr^Vhc, Ch, Ch, Gs, Gs, Gs, Rb^Gvs, Rb^Vh, Rb^Gvs, Re, Re, Rb^Gvs, Gg^Fds, Gg^Fds, Gg^Fds, Gg^Fds, Re^Vl, Gs, Gs, Gs^Fds, Hh, Hh, Hh, Mm, Mm, Mm
Gs, Gs, Gs^Fds, Gs, Gs^Fds, Gs^Fds, Gs^Fds, Gs^Efm, Gs, Rr, Rp, Rp, Gs, Gs, Gs, Gs, Re, Re, Re, Re, Re, Rb^Gvs, Rb^Gvs, Rb^Gvs, Rb^Gvs, Gg^Fds, Gs, Re, Ce, Gs, Gs^Fds, Gs^Fds, Hh, Hh, Hh, Mm, Mm
Gs^Fds, Gs^Fds, Gs^Fds, Gs^Fds, Hh, Hh, Hh, Hh^Em, Gs^Fds, Gs, Gs, Rr, Rp, Gs, Re, Re, Gs, Gs, Gs^Fds, Gs^Fds, Gs^Fds, Re, Re, Rb^Gvs, Gs, Gs, Ce, 4 Ke, Gs, Gs, Hh, Hh^Em, Gs^Fds, Gs^Fds, Hh, Mm, Mm
Mm, Mm, Mm, Hh, Mm, Hh, Hh^Es, Hh, Hh, Gs^Fds, Gs, Gs, Gs, Re, Gs, Gs, Gs^Fds, Gs, Hh, Gs^Fds, Hh, Gs^Fds, Gs, Gs, Gs, Gs, Ce, Ce, Gs, Gs^Fds, Hh, Hh, Gs^Fds, Hh, Hh, Mm, Mm
Mm, Mm, Mm, Mm, Mm, Mm, Mm, Hh, Hh, Gs^Fds, Gs^Fds, Gs, Gs, Re, Gs, Gs, Gs^Fds, Hh, Gs^Fds, Gs^Fds, Hh, Hh, Gs, Gs, Gs, Gs, Gs, Gs, Gs^Fds, Gs^Fds, Gs^Fds, Gs^Fds, Hh, Hh, Mm, Mm, Mm
Mm, Mm, Mm, Mm, Mm, Mm, Hh, Hh, Gs^Fds, Hh, Hh, Gs, Gs, Re, Gs, Gs, Gs^Fds, Hh, Hh, Hh, Gs, Gs, Gs, Gs, Gs, Gs, Gs, Gs^Em, Hh, Hh, Mm, Hh, Mm, Mm, Mm, Mm, Mm
Mm, Mm, Mm, Mm, Mm, Mm, Hh, Gs^Fds, Gs^Fds, Gs^Fms, Gs^Fms, Gs^Fds, Gs, Re, Re, Gs, Gs, Hh, Gs^Fds, Gs^Fds, Re, Gs, Gs, Gs, Gs^Fds, Gs, Gs^Fds, Hh, Mm, Mm, Mm, Mm, Mm, Mm, Mm, Mm, Mm
Mm, Mm, Mm, Mm, Mm, Hh, Hh, Gs^Fms, Hh, Hh, Gs^Fds, Hh, Gs, Gs, Re, Gs, Gs, Gs^Fds, Gs^Fds, Re^Vl, Gs, Gs, Gs, Gs, Hh, Hh, Mm, Mm, Mm, Mm, Mm, Mm, Mm, Mm, Mm, Mm, Mm
Hh, Mm, Mm, Mm, Hh, Hh, Gs^Fds, Gs^Fds, Hh, Gs^Fds, Gs^Fds, Gs^Fms, Gs, Gs, Re, Gs, Gs, Gs^Fds, Gs, Gs, Gs, Gs, Gs^Fds, Gs^Fds, Hh, Mm, Mm, Mm, Mm, Mm, Mm, Mm, Mm, Mm, Mm, Mm, Mm
Hh, Hh, Hh, Hh, Gs^Fms, Hh, Hh, Gs^Fds, Hh, Hh, Gs^Efm, Gs, Gs, Gs, Re, Gs, Gs, Gs^Fds, Gs, Gs, Gs, Gs, Hh, Hh, Mm, Mm, Mm, Mm, Mm, Mm, Mm, Mm, Mm, Mm, Mm, Mm, Mm
Gs^Fds, Gs^Fds, Gs^Fds, Hh, Gs^Fds, Hh, Gs^Fds, Gs^Fms, Gs^Fms, Gs^Fms, Re^Vh, Gs, Gs, Gs, Re, Gs, Gs, Gs, Gs, Gs, Gs, Gs, Hh, Mm, Mm, Mm, Mm, Mm, Mm, Mm, Mm, Mm, Mm, Mm, Mm, Mm, Mm
Gs^Fds, Gs^Fds, Gs, Gs^Fds, Gs, Gs^Fds, Gs^Efm, Gs^Fds, Gs^Fds, Gs^Fds, Gs, Re, Gs, Gs, Re, Gs^Es, Gs, Gs, Gs, Gs, Gs, Gs, Hh, Mm, Mm, Mm, Mm, Mm, Mm, Mm, Mm, Mm, Mm, Mm, Mm, Mm, Mm
Wwg, Gs^Fds, Gg, Gs, Gs, Gs, Gs, Gs, Gs, Gs, Gs, Gs, Gs, Gs, Gs, Re, Re, Gs, Gs, Gs, Gs, Gs^Fds, Hh, Mm, Mm, Mm, Mm, Mm, Mm, Mm, Mm, Mm, Mm, Mm, Mm, Mm, Mm
Wwg, Wwg, Wwg, Gg, Gg, Gg^Efm, Gg, Gg, Gg, Gg, Gg, Gs^Efm, Gg, Gg, Gs, Gs, Gs, Re, Gs, Gs, Hh, Hh, Mm, Mm, Mm, Mm, Mm, Mm, Mm, Mm, Mm, Mm, Mm, Mm, Mm, Mm, Mm
Wwg, Wwg, Wwg, Wwg, Wwg, Wwg, Wwg, Gg, Wwg, Gg, Wwg, Gg, Wwg, Gg, Gg, Gs, Gs, Re, Gs, Gs, Hh, Mm, Mm, Mm, Mm, Mm, Mm, Mm, Mm, Mm, Mm, Mm, Mm, Mm, Mm, Mm, Mm
Gg^Fds, Wwg, Gg^Fds, Wwg, Wwg, Wwg, Wwg, Wwg, Wwg, Wwg, Wwg, Wwg, Wwg, Wwg, Gg, Gs, Re, Re, Gs, Gs, Gs^Fds, Hh, Hh, Mm, Mm, Mm, Hh, Mm, Mm, Mm, Mm, Mm, Mm, Mm, Mm, Mm, Mm
Gg^Fds, Gg^Fds, Gg^Fds, Gg^Fds, Gg^Fds, Wwg, Gg, Wwg, Wwg, Wwg, Wwg, Wwg, Wwf, Wwf, Wwf, Re^Vh, Gg, Re, Re, Gs, Gs^Fms, Hh, Gs^Fms, Gs^Fds, Ch, 1 Kh, Ch, Rr^Vhc, Rr^Vhc, Mm, Mm, Mm, Mm, Mm, Mm, Mm, Mm
Hh, Gs^Fds, Gs^Fds, Gs^Fds, Gs^Fds, Gg^Fds, Gg^Fds, Gg^Fds, Gg, Gg^Fds, Gg, Gg, Gg, Wwf, Wwg, Gg, Gg^Efm, Gg, Re, Gs, Gs, Gs^Fds, Rp, Rp, Rr^Vhc, Ch, Rr, Rr, Ch, Hh, Mm, Mm, Mm, Mm, Mm, Mm, Hh
Hh, Hh, Gs^Fds, Hh, Hh, Hh, Hh, Gs^Fds, Gg, Gg, Gg, Gg, Hh, Wwrg, Wwg, Wwg, Gg, Gg^Efm, Gg^Fds, Re, Re, Gs, Rp, Rp, Rp, Rr, Rr, Rr, Ch, 2 Kh, Mm, Mm, Mm, Mm, Mm, Mm, Hh
Hh, Gs^Fds, Gs^Fds, Hh, Gs^Fds, Hh, Gs^Fds, Gs^Fds, Gg, Gg, Gs^Fds, Hh, Hh, Hh, Wwrg, Wwg, Wwg, Gg, Gg^Fds, Gs^Fms, Gs^Fds, Re, Gs^Fds, Rp, Rp, Rp, Rp, Rr, Rr^Vhc, Ch, Hh, Mm, Mm, Mm, Mm, Mm, Hh
Hh, Gs^Fds, Hh, Hh, Gs^Fds, Hh, Gs^Fds, Gs^Fds, Gg, Gg, Gs^Fds, Hh, Mm, Mm, Gg^Fms, Wwg, Wwg, Rb^Gvs, Rb^Gvs, Gs^Fms, Gs^Fms, Gs^Fds, Gs, Gs, Re, Rp, Rp, Rp, Rp, Rp, Hh, Mm, Hh, Mm, Hh, Hh, Hh
Gs^Fds, Hh, Hh, Hh, Gs^Fms, Hh, Gs^Fms, Gg, Gs, Gs^Fms, Hh, Hh, Mm, Mm, Mm, Wwg, Wwg, Rb^Gvs, Rb^Gvs, Re^Vh, Rb^Gvs, Gs, Rb, Gs, Re, Gs, Gs, Gs, Gs^Fds, Gs^Fms, Gg^Fms, Gg^Fms, Gg^Fms, Hh, Gg^Fms, Gg^Fds, Gg^Fds
Gs^Fms, Hh, Hh, Hh, Hh, Gs^Fds, Gs, Gs, Re, Re^Vh, Hh, Mm, Mm, Mm, Mm, Wwg, Wwg, Rb^Gvs, Rb^Gvs, Rb^Gvs, Rb^Gvs, Rb^Gvs, Rb^Gvs, Gs^Es, Re, Gs, Rb^Gvs, Re^Vh, Rb^Gvs, Rb^Gvs, Rb^Gvs, Gg^Fms, Gg^Fms, Gg^Fms, Ww, Ww, Ww
Gs^Fms, Hh, Hh, Hh, Hh, Gs^Fms, Gs, Gs, Gs, Gs^Fds, Hh, Mm, Mm, Mm, Mm, Wwg, Wwg, Rb^Gvs, Rb^Gvs, Rb^Gvs, Rb^Gvs, Rb^Gvs, Rb^Gvs, Rb^Gvs, Re, Rb^Gvs, Rb^Gvs, Rb^Gvs, Rb^Gvs, Rb^Gvs, Rb^Gvs, Rb, Ww, Ww, Ww, Ww, Ww
Gs^Fds, Hh, Hh, Gs^Fms, Hh, Gs^Fms, Gs, Gs, Gs, Gs^Em, Gs^Fds, Hh, Hh, Mm, Hh, Wwrg, Wwg, Wwg, Wwg, Rb^Gvs, Wwg, Rb^Gvs, Rb^Gvs, Rb^Gvs, Re, Rb^Gvs, Rb^Gvs, Rb^Gvs, Rb^Gvs, Rb^Gvs, Wwg, Wwg, Ww, Ww, Gg, Gg, Gg
Gs^Fds, Gs^Fds, Gs^Fds, Hh, Gs^Fds, Gs^Fms, Gs, Gs, Gs, Gs, Gs, Gs^Fms, Gs^Fms, Hh, Hh, Hh, Gg^Fms, Wwg, Wwg, Wwg, Wwg, Wwg, Ww^Bsb/, Re, Wwg, Rb^Gvs, Wwg, Rb^Gvs, Wwg, Wwg, Wwg, Wwg, Gg, Gg, Gs^Fms, Gg^Efm, Gs^Fms
Gs, Gs^Fds, Gs^Fds, Gs^Fds, Gs, Gs, Gs, Gs, Gs, Gs, Gs, Gs^Fds, Gs^Fms, Gs^Fds, Gg^Fms, Gg^Fms, Gg, Gg, Gg, Wwg, Re, Ww^Bsb/, Wwg, Wwg, Wwg, Wwg, Wwg, Wwg, Wwg, Wwg, Hh, Hh, Gg^Fds, Gg^Efm, Gs^Fds, Gs^Fds, Gs^Fds
Gs^Fms, Gs^Fds, Gs^Fds, Gs, Gs^Fms, Gs^Es, Gs^Fms, Gs, Gs, Gs, Gs, Gs^Fms, Gs^Fms, Gs^Fms, Gs^Fms, Gg^Fms, Gg, Gg, Gg, Re, Rb^Gvs, Rb^Gvs, Rb^Gvs, Wwg, Rb^Gvs, Wwg, Gg^Fds, Wwg, Gg^Fds, Hh, Hh, Hh, Hh, Gs^Fms, Hh, Gs^Fds, Gs^Fds
Hh, Gs^Fds, Gs^Fms, Gs^Fms, Gs^Fds, Gs^Fms, Gs^Fds, Gs, Gs, Gs, Gs, Gs, Gs, Gs^Fms, Gs^Fms, Gs, Gs, Gg, Gg, Re, Rb^Gvs, Rb^Gvs, Rb^Gvs, Rb^Gvs, Rb^Gvs, Re^Vwm, Rb^Gvs, Gg^Fds, Gg^Fds, Hh, Hh, Hh, Hh, Hh, Hh, Hh, Hh
Hh, Hh, Gs^Fms, Hh, Hh, Hh^Em, Hh, Gs^Fms, Gs, Gs, Gs, Gs, Gs, Re^Vh, Gs^Fms, Gs, Gs, Gs, Gs, Re, Re, Rb^Gvs, Rb^Gvs, Rb^Gvs, Rb^Gvs, Rb^Gvs, Rb^Gvs, Gg^Fds, Gs^Fds, Gs^Fds, Gs^Fds, Hh, Hh, Hh, Gs^Fds, Hh, Gs^Fds
Hh, Hh, Hh, Hh, Hh, Hh, Hh, Gs^Fms, Gs, Gs^Es, Gs, Gs, Gs, Re, Gs, Gs, Gs, Gs, Re, Re, Gs, Re, Re, Rb^Gvs, Rb^Gvs, Rb^Gvs, Gs, Gs^Fds, Gs^Fds, Gs^Fds, Gs^Fds, Hh, Hh, Hh, Hh, Gs^Fds, Gs^Fds
Hh, Hh, Hh, Hh, Gs^Fds, Hh, Gs^Fds, Gs^Fms, Gs, Gs, Gs, Gs, Gs, Gs, Gs, Gs, Re, Re, Gs, Gs, Gs^Fds, Gs, Gs, Re, Re, Gs, Gs, Gs, Gs^Fds, Gs^Fds, Gs^Fds, Hh, Gs^Fds, Hh, Hh, Gs^Fds, Gs^Fds
