Gll^Fp, Hh, Hh, Hh, Gll^Fp, Gll^Fp, Gll^Fp, Gll^Fp, Gll^Fp, Gs, Gs, Gs, Gs, Re, Gs, Gs, Gs, Re, Gs, Gll^Fp, Gll^Fp, Gs, Gll^Fp, Gll^Fp, Gll^Fp, Gll^Fp, Gll^Fp, Hh, Hh, Mm, Hh, Hh, Mm, Mm, Mm, Mm, Mm, Mm, Mm, Mm
Gll^Fp, Hh, Hh, Hh, Hh, Gll^Fp, Gll^Fp, Gll^Fp, Gs, Gll^Fp, Gs, Gs, Gs, Re, Gs, Gs, Gs, Gd^Vo, Gll^Fp, Gll^Fp, Gll^Fp, Gll^Fp, Rb^Gvs, Gll^Fp, Gd^Vo, Gll^Fp, Re, Gll^Fp, Re, Hh, Chr, Chr, Mm, Mm, Mm, Mm, Mm, Mm, Mm, Mm
Gll^Fp, Hh, Gll^Fp, Hh, Hh, Gll^Fp, Gll^Fp, Gs, Gll^Fp, Gs, Gs, Gs, Gs, Re, Gs, Gs, Gll^Fp, Gll^Fp, Gll^Fp, Gll^Fp, Re, Rb^Gvs, Re, Re, Re, Re, Gll^Fp, Re, Gll^Fp, Re, Chr, Khr, Mm, Mm, Mm, Mm, Mm, Mm, Mm, Mm
Gll^Fp, Gll^Fp, Hh, Hh, Hh, Hh, Gll^Fp, Gll^Fp, Gs, Gs, Gs, Gs, Gs, Re, Gs, Gll^Fp, Gll^Fp, Gll^Fp, Gs, Re, Rb^Gvs, Re, Rb^Gvs, Rb^Gvs, Gll^Fp, Gd, Gll^Fp, Hh, Hh, Hh, Hh, Chr, Chr, Mm, Mm, Mm, Mm, Mm, Mm, Gd
Gll^Fp, Gll^Fp, Hh, Gll^Fp, Gll^Fp, Gd^Vo, Gs, Gs, Gs, Gs, Gs, Gs, Gs, Re, Gs, Gs, Gll^Fp, Gll^Fp, Re, Re, Rb^Gvs, Rb^Gvs, Rb^Gvs, Rb^Gvs, Gll^Fp, Gll^Fp, Gll^Fp, Gll^Fp, Gll^Fp, Gll^Fp, Hh, Mm, Hh, Mm, Mm, Mm, Mm, Mm, Mm, Mm
Gll^Fp, Gll^Fp, Hh, Hh, Hh, Gll^Fp, Gs, Gs, Gs, Gs, Gs, Gs, Re, Re, Re, Gs, Re, Re, Gd^Vo, Rb^Gvs, Rb^Gvs, Rb^Gvs, Wwg, Wwg, Wwg, Hh, Gll^Fp, Gll^Fp, Gll^Fp, Hh, Hh, Hh, Mm, Mm, Mm, Mm, Mm, Mm, Mm, Mm
Hh, Hh, Hh, Gll^Fp, Gll^Fp, Gll^Fp, Gs, Gs, Gs, Gs, Re, Re, Gs, Gs, Re, Re, Rb^Gvs, Gg^Efm, Rb^Gvs, Rb^Gvs, Rb^Gvs, Wwg, Wwg, Wwg, Wwg, Hh, Wwg, Gll^Fp, Wwg, Hh, Hh, Mm, Mm, Mm, Xu, Mm, Xu, Mm, Xu, Xu
Gll^Fp, Hh, Gll^Fp, Gll^Fp, Gs, Gs, Gs, Gs, Re, Re, Gs, Gs, Gs, Gs, Re, Rb^Gvs, Rb^Gvs, Rb^Gvs, Rb^Gvs, Rb^Gvs, Wwg, Wwg, Wwg, Wwg, Wwg, Wwg, Wwg, Wwg, Wwg, Hh, Hh, Mm, Xu, Xu, Cud, Xu, 3 Kud, Xu, Cud, Uu
Gll^Fp, Gll^Fp, Gll^Fp, Gll^Fp, Gs, Gs, Gs, Gs, Re, Gs, Gs, Gs, Gll^Fp, Gs, Gs, Re, Rb^Gvs, Rb^Gvs, Rb^Gvs, Rb^Gvs, Wwg, Wwg, Wwg, Wwg, Wwg, Wwg, Wwg, Wwg, Hh, Hh, Mm, Mm, Mm, Xu, Cud, Cud, Cud, Cud, Uu^Vud, Uu
Gll^Fp, Hh, Hh, Gll^Fp, Gs, Gs, Gs, Re, Gs, Gs, Gs, Gll^Fp, Gs, Gs, Gs, Re, Re, Rb^Gvs, Rb^Gvs, Rb^Gvs, Wwg, Wwg, Wwg, Wwg, Hh, Wwg, Hh, Mm, Mm, Mm, Mm, Mm, Mm, Xu, Uu, Uu^Vud, Uu, Uu, Uu, Uu
Gll^Fp, Gll^Fp, Gs, Gll^Fp, Gs, Gs, Gs, Re, Gs, Gs, Gll^Fp, Gll^Fp, Gd^Vo, Gs, Hh, Gs, Re, Rb^Gvs, Rb^Gvs, Rb^Gvs, Wwg, Wwg, Hh, Hh, Hh, Hh, Mm, Hh, Mm, Mm, Mm, Mm, Mm, Uu, Uu, Uu, Uu, Uu, Uu^Vud, Xu
Hh, Gd^Vo, Gs, Gs, Gs, Gs, Re, Re, Gs, Gs, Gll^Fp, Gll^Fp, Gll^Fp, Gll^Fp, Hh, Hh, Gll^Fp, Re, Re, Gs, Wwg, Wwg, Hh, Hh, Mm, Mm, Mm, Mm, Mm, Mm, Mm, Mm, Hh, Hh, Hh, Uu, Uu, Uu, Xu, Xu
Gll^Fp, Hh, Gs, Gs, Gs, Gs, Re, Gs, Gs, Gs, Gll^Fp, Gll^Fp, Gll^Fp, Hh, Mm, Hh, Hh, Gll^Fp, Re, Gd^Vo, Wwg, Wwg, Gg^Efm, Hh, Hh, Mm, Mm, Mm, Mm, Mm, Mm, Hh, Gll^Fp, Hh, Gll^Fp, Gll^Fp, Hh, Xu, Mm, Xu
Co, Co, Co, Gs, Gs, Gs, Re, Gs, Gll^Fp, Gll^Fp, Gll^Fp, Gll^Fp, Hh, Hh, Mm, Hh, Hh, Gll^Fp, Wwg, Wwf^Bsb\, Wwg^Bsb\, Wwf, Gg, Hh, Hh, Mm, Hh, Mm, Mm, Hh, Hh, Gll^Fp, Gd^Vo, Gs, Gll^Fp, Gll^Fp, Gll^Fp, Hh, Mm, Mm
Co, 2 Ko, Co, Hh, Gs, Gs, Re, Gs, Gll^Fp, Gll^Fp, Hh, Hh, Mm, Mm, Wwg, Wwrg, Ww, Wwg, Wwg, Wwg, Gg, Rb, Gg, Gg, Gll^Fp, Hh, Hh, Hh, Hh, Hh, Gll^Fp, Gll^Fp, Gs, Gs, Gs, Gll^Fp, Gll^Fp, Gll^Fp, Gll^Fp, Ms
Co, 1 Ko, Co, Hh, Gs, Gs, Re, Gs, Gll^Fp, Gll^Fp, Hh, Mm, Mm, Mm, Wwrg, Ww, Ww, Ww, Wwrg, Gg, Re, Re, Gs, Gd, Gll^Fp, Gll^Fp, Gs, Hh, Gs, Gll^Fp, Gs, Gs, Gs, Gs, Gs, Gs, Gs, Gll^Fp, Gll^Fp, Gll^Fp
Hh, Co, Hh, Re, Re, Re, Gs, Gs, Gd^Vo, Hh, Mm, Mm, Wwrg, Hh, Ww, Ww, Ww, Ww, Gg, Gg, Re, Gs^Edt, Ce, Gs, Gs, Gs, Gd^Vo, Gs, Gs, Gs, Re, Gs, Re, Gs, Gs, Gs, Gs, Gs, Gs, Gll^Fp
Hh, Hh, Gs, Gs, Gs, Re, Gs, Gs, Gll^Fp, Hh, Hh, Hh, Wwrg, Ww, Ww, Ww, Wwg, Wwg, Gll^Fp, Re, Ce, Ce, 4 Ke, Ce, Ce, Gs, Gs, Gs, Re, Re, Gs, Re, Gs, Re, Re, Re, Re, Gs, Re, Gs
Gs, Gs, Gs, Gs, Gs, Re, Gs, Gll^Fp, Gll^Fp, Hh, Mm, Hh, Gll^Fp, Wwg, Wwg, Ww, Wwf, Gll^Fp, Gs, Re, Re^Edt, Re^Dr, Re^Edt, Ce, Re, Re, Re, Re, Gs, Gs, Gs, Gs, Gs, Gs, Gs, Gs, Gs, Re, Gs, Re
Gs, Gs, Re, Gs, Re, Re, Gs, Gs, Gll^Fp, Hh, Hh, Hh, Gll^Fp, Gll^Fp, Wwg, Ww, Gll^Fp, Gll^Fp, Gd, Ce, Re^Edt, Re, Re, Re, Gs, Gs, Gs, Gs, Gs, Gs, Hh, Gll^Fp, Hh, Gs, Gs, Gs, Gs, Gs, Gs, Gs
Re, Re, Gd^Vo, Re, Re, Gs, Gs, Gs, Gs, Gll^Fp, Hh, Hh, Gll^Fp, Gll^Fp, Wwg, Wwg, Gll^Fp, Gll^Fp, Gs^Edt, Ce, 5 Ke, Re, Gs, Gs, Gs, Gs, Gs, Gs, Gs, Gll^Fp, Gll^Fp, Hh, Hh, Hh, Hh, Gd^Vo, Gll^Fp, Gll^Fp, Gll^Fp, Gs
Gs, Gs, Gs, Gs, Gs, Re, Re, Gs, Gs, Gs, Hh, Gll^Fp, Rb^Gvs, Gll^Fp, Wwg, Wwg, Wwg, Gg, Gs, Ce, Ce, Re, Re^Edt, Gs, Gs, Gs, Gd, Gs, Gs, Gll^Fp, Gll^Fp, Hh, Gs, Gll^Fp, Gll^Fp, Hh, Hh, Gll^Fp, Gll^Fp, Gll^Fp
Gs, Gs, Gs, Gll^Fp, Gs, Gs, Gs, Re, Re, Gs, Gg, Gd^Vo, Rb^Gvs, Rb^Gvs, Rb^Gvs, Wwg, Wwf, Rb^Gvs, Gg, Gd, Ce, Ce, Gs, Re, Gs, Gs, Gs, Gg, Gll^Fp, Gs, Gll^Fp, Hh, Gll^Fp, Gll^Fp, Hh, Hh, Mm, Hh, Gll^Fp, Gll^Fp
Gll^Fp, Gs, Gs, Gs, Gs, Gs, Gs, Gs, Gs, Re, Re, Rb^Gvs, Rb^Gvs, Rb^Gvs, Rb^Gvs, Wwf, Wwf, Rb^Gvs, Rb^Gvs, Gs, Gs, Gs, Gs, Re, Gs, Gs, Gs, Gs, Gll^Fp, Gs, Gll^Fp, Gll^Fp, Gll^Fp, Gll^Fp, Hh, Mm, Mm, Hh, Hh, Gll^Fp
Gll^Fp, Gs, Gs, Gll^Fmw, Gll^Fp, Gs, Gs, Gs, Gs, Gs, Rb^Gvs, Re, Re, Rb^Gvs, Wwg, Wwg, Rb^Gvs, Rb^Gvs, Rb^Gvs, Rb^Gvs, Rb^Gvs, Gs, Re, Re, Gs, Gs, Hh, Gs, Gs, Gll^Fp, Gs, Gll^Fp, Gs, Hh, Hh, Mm, Mm, Mm, Mm, Hh
Hh, Gs, Gs, Gll^Fmw, Gll^Fmw, Gll^Fmw, Gll^Fp, Gs, Gs, Rb^Gvs, Rb^Gvs, Rb^Gvs, Rb^Gvs, Wwf^Bsb\, Wwg^Bsb\, Wwg, Rb^Gvs, Rb^Gvs, Re, Rb^Gvs, Re, Re, Rb^Gvs, Rb^Gvs, Rb^Gvs, Gll^Fp, Hh, Hh, Gll^Fp, Gs, Gd^Vo, Hh, Hh, Hh, Hh, Mm, Mm, Mm, Mm, Mm
Gll^Fp, Gs, Gs, Gll^Fmw, Gd^Vo, Gll^Fp, Gll^Fp, Gs, Gs, Rb^Gvs, Rb^Gvs, Rb^Gvs, Rb^Gvs, Wwg, Wwg, Re^Bsb\, Re, Re, Gd^Vo, Re, Rb^Gvs, Rb^Gvs, Rb^Gvs, Rb^Gvs, Rb^Gvs, Gs, Gs, Hh, Gll^Fp, Gs, Hh, Hh, Hh, Hh, Hh, Mm, Mm, Mm, Mm, Mm
Hh, Hh, Gs, Gs, Gs, Gll^Fp, Gll^Fmw, Gll^Fp, Gll^Fp, Gs, Gll^Fp, Rb^Gvs, Gll^Fp, Wwg, Wwg, Rb^Gvs, Rb^Gvs, Rb^Gvs, Rb^Gvs, Rb^Gvs, Rb^Gvs, Rb^Gvs, Gll^Fp, Gll^Fp, Gll^Fp, Gs, Gll^Fp, Gs, Gll^Fp, Hh, Hh, Mm, Mm, Mm, Mm, Mm, Mm, Mm, Mm, Mm
Gll^Fp, Gll^Fp, Gll^Fp, Gs, Gs, Gll^Fmw, Gll^Fmw, Gll^Fmw, Gll^Fp, Gll^Fp, Gll^Fp, Gll^Fp, Gll^Fp, Wwg, Wwg, Gll^Fp, Gll^Fp, Gll^Fp, Gll^Fp, Gll^Fp, Gll^Fp, Gll^Fp, Gll^Fp, Gll^Fp, Gll^Fp, Gll^Fp, Gs, Gll^Fp, Hh, Hh, Mm, Mm, Mm, Mm, Gll^Fp, Mm, Mm, Mm, Mm, Mm
