Gs^Fp, Gs^Fp, Gs^Fp, Gs^Fp, Gs^Fp, Gg, Gs^Fp, Gs^Fp, Hh, Hh, Hh, Hh, Gs^Fp, Gs^Fp, Gg, Wwg, Wwg, Wwg, Gg, Hh, Hh^Fp, Gs, Hh^Fp, Gs, Gs^Fp, Gs, Gs^Fp, Hh, Gs^Fp, Gs^Fp, Gs, Gs, Gs, Re, Gs, Gs, Gs, Gs, Gs, Gs, Hh, Hh, Hh^Fp, Hh
Gs^Fp, Gs^Fp, Gs^Fp, Gs^Fp, Gs^Fp, Gs^Fp, Hh^Fp, Hh^Fp, Hh, Hh, Hh^Fp, Hh^Fp, Gs^Fp, Hh, Gs^Fp, Gg, Wwg, Wwg, Gg, Gll^Fp, Hh^Fp, Hh, Hh^Fp, Gs^Fp, Hh^Fp, Hh^Fp, Hh, Hh, Gs^Fp, Gs^Fp, Gs, Gs, Gs, Re, Gs, Gs, Gs^Vo, Gs, Gll, Gs, Hh^Fp, Hh, Hh^Fp, Hh
Hh, Hh, Gs^Fp, Gs^Fp, Hh, Hh, Hh, Hh, Hh, Hh, Gs^Fp, Gs^Fp, Hh, Gs^Fp, Gg, Gg, Wwg, Wwg, Gg, Gll^Fp, Gll^Fp, Hh, Hh, Hh^Fp, Hh^Fp, Hh^Fp, Gs^Fp, Hh, Co, Gs^Fp, Gll, Gs, Gs, Re, Gs, Gs, Gs, Gs, Gll, Gll^Fp, Hh^Fp, Hh, Hh^Fp, Hh
Hh, Hh, Hh, Hh, Hh, Hh, Gs^Fp, Hh^Fp, Gs^Fp, Gll, Gs, Hh, Gs, Gs^Fp, Gg, Gg, Wwf, Wwf, Gg, Gll, Gll, Gs^Vo, Hh, Hh, Hh^Fp, Gs^Fp, Hh, 3 Ko, Co, Co, Rb, Gs, Gs, Re, Gs, Gs, Gs, Gll, Hh^Fp, Hh^Fp, Hh, Hh, Hh, Hh
Gs^Fp, Hh, Gs, Gs^Vo, Gs, Gll, Gll, Gs^Fp, Gs^Fp, Gll, Gs, Gs, Gs^Fp, Gg, Gs^Fp, Wwf, Wwg, Wwf, Gg, Gll, Gll^Fp, Gs, Hh, Gs^Fp, Gs^Fp, Hh, Hh, Co, Co, Rb, Gs, Gs, Gs, Re, Gs, Gs, Gs, Gs^Fp, Hh^Fp, Hh, Gs^Fp, Gs^Fp, Gs^Fp, Hh
Gs^Fp, Gs^Fp, Gll, Gs, Gs, Gs, Gs, Gs, Gs, Gg, Gs^Vo, Gs^Fp, Gs^Fp, Gs^Fp, Wwg, Wwg, Wwg, Wwg, Gg, Gll^Fp, Gll^Fp, Hh^Fp, Gll^Fp, Hh, Hh, Gs^Fp, Gll, Hh, Rb, Rb, Gs, Gs, Re, Re, Gs, Gs, Gs, Gs^Fp, Hh^Fp, Hh^Fp, Gll, Gs^Fp, Gs^Fp, Hh
Gg, Gs^Fp, Gg, Gg, Wwf, Gg, Wwf, Gs, Gg, Gs, Gg, Gs^Fp, Wwg, Wwg, Wwg, Wwg, Wwf, Wwg, Wwg, Gg, Gg, Gll^Fp, Gll^Fp, Hh^Fp, Hh^Fp, Gs^Fp, Gs, Rb, Gs, Rb, Re, Re, Gs, Gs, Gs^Vo, Gs, Gs, Gs^Fp, Gs^Fp, Gs^Fp, Gs^Fp, Gll, Gs^Fp, Gs^Fp
Wwf, Gg, Wwg, Wwg, Wwg, Wwg, Wwg, Wwg, Wwg, Wwf, Wwf, Gs^Fp, Wwg, Wwg, Gs^Fp, Gs^Fp, Gs^Fp, Wwg, Wwg, Wwf, Wwf, Gg, Gg, Gll^Fp, Hh^Fp, Gs, Gs^Vo, Gs, Gs, Gs, Gs, Re, Re, Gs, Gs, Gs, Gs, Gs^Fp, Gs, Gll, Gs^Fp, Gll, Gs^Fp, Gs^Fp
Wwg, Wwg, Wwg, Wwg, Gs^Fp, Wwg, Gg, Wwg, Gg, Wwf, Wwf, Wwg, Wwf, Wwf, Gs^Fp, Hh, Hh^Fp, Gs^Fp, Gs^Fp, Wwg, Wwg, Wwg, Wwg, Gs, Gs, Gs, Gs, Gs, Gs, Gs, Re, Re, Gs, Re, Re, Gs, Gs, Gs, Gs, Gs^Fp, Gs^Fp, Gs^Fp, Gs^Fp, Gs^Fp
Wwg, Wwg, Gg, Gs^Fp, Gs^Fp, Gg, Gs, Gg, Gg, Gs^Fp, Gs^Fp, Gs^Fp, Gs^Fp, Gs^Fp, Hh, Hh, Hh^Fp, Gs^Fp, Gs^Fp, Gg, Gg, Wwg, Wwg, Wwf, Gg, Gg, Gs, Gs, Re, Re, Gs, Gs, Gll, Gs, Gs, Re, Gs, Gs, Hh, Gll, Gs^Fp, Gs^Fp, Gs^Vo, Gs^Fp
Gg, Gg, Gs^Fp, Gs^Fp, Hh^Fp, Gs^Fp, Gs^Fp, Gs, Gs, Gs, Gs, Gs^Fp, Hh^Fp, Hh^Fp, Hh, Hh^Fp, Gs^Fp, Gs^Fp, Gg, Gg, Gg, Wwg, Wwg, Wwg, Re, Gg, Re, Re, Gll, Gs, Gll^Fp, Gll^Fp, Rb, Gll, Gs, Re, Gs, Gs, Hh, Hh^Fp, Hh, Hh^Fp, Hh^Fp, Hh
Gs^Fp, Gs^Fp, Hh, Hh, Hh, Hh^Fp, Hh^Fp, Gs^Fp, Gs, Gs, Gs^Fp, Hh^Fp, Gs^Fp, Hh, Gs^Fp, Gs^Fp, Gs^Fp, Gs, Gs^Vo, Gs, Gs, Wwf, Wwg, Wwg, Wwg^Bw/, Re, Rb, Gll, Rb, Gll^Fp, Gll^Fp, Rb, Ss, Rb, Gll, Re, Re, Gs, Gs, Hh, Hh, Hh, Hh, Hh^Fp
Gs, Hh^Fp, Hh, Hh, Hh^Fp, Hh, Hh, Hh, Gll, Gs, Gs, Gs, Gs, Gs^Fp, Gs, Gs^Fp, Gs, Gs, Gs, Gs, Gs, Re, Re, Wwg^Bw/, Wwg, Wwg, Wwg, Sm, Ss, Rb, Ss, Ss, Gll^Fp, Ss, Ss, Gll, Gll, Re, Re, Co, Co, 4 Ko, Co, Hh
Gg^Fp, Gs^Fp, Gll^Fp, Gs^Fp, Gs^Fp, Hh^Fp, Hh, Hh, Hh^Fp, Gll, Gs^Fp, Gs, Gs, Gs, Gs^Fp, Gs, Gs, Gs, Gs, Gs, Re, Re, Gs, Rb, Gg, Wwg, Wwg, Wwg, Sm, Ss, Sm, Gll^Fp, Gll^Fp, Rb, Rb, Sm, Gll^Fp, Gll, Re, Gs, Gll, Co, Hh, Hh
Gs^Fp, Gll^Fp, Gs^Fp, Gll^Fp, Gs^Fp, Gs^Fp, Gs^Fp, Hh, Hh, Hh^Fp, Gs^Fp, Gs^Fp, Gs^Fp, Hh^Fp, Hh^Fp, Gs^Fp, Gs, Gs, Gs, Gs, Re, Gs, Gs, Gs, Gs, Gg, Wwg, Wwg, Wwg, Ss, Rb, Gll^Fp, Wwf, Ss, Sm, Rb, Gll^Fp, Gs, Re, Gs, Gs^Fp, Co, Gs^Fp, Gs^Fp
Gs^Fp, Gs, Gs, Gs, Gs, Gll^Fp, Gll^Fp, Gs^Vo, Gs^Fp, Hh^Fp, Gs, Gs^Fp, Gs, Gs^Fp, Gs^Fp, Gs^Fp, Gs, Gs, Gs, Gs, Re, Gs, Gs, Gs^Vo, Gs, Gg, Wwf, Wwg, Wwg, Sm, Rb, Rb, Ss, Ss^Vhs, Gll^Fp, Rb, Gll^Fp, Gs, Re, Gs, Gll, Gs^Fp, Gs^Fp, Gs^Fp
Gs, Gs, Gs, Gs^Fp, Gs, Gs, Gs, Gs, Gs, Gs^Fp, Gs, Gs^Fp, Gs, Gs, Gs, Gs, Gs, Gs, Gs, Re, Gs, Gs, Gs, Gs, Gs, Gg, Gg, Wwg, Wwg, Wwg, Wwg, Sm, Wwf, Wwf, Gll^Fp, Gll^Fp, Gs, Gs, Re, Gs, Gs, Gs^Fp, Gs^Fp, Gs^Fp
Gs, Gs, Gs, Gs, Gs, Gs, Gs, Gs, Gs, Gs, Gs, Gs, Gs, Gs, Gs, Gs, Gs, Gs, Re, Re, Gs, Gs, Gs, Gs, Gs, Gs, Gs, Gg, Wwg, Wwg, Wwg, Wwf, Wwf, Gll^Fp, Gll^Fp, Gll^Fp, Gll^Fp, Gll^Fp, Gs, Re, Re, Gs, Gs, Gs^Fp
Gs, Gs, Gs, Gs, Gs, Gs, Gs, Gs, Ce, Ce, Ce, Gs, Gs, Gs, Re, Gs, Re, Re, Gs, Gs, Gs, Gs, Gs, Gs^Fp, Gs, Gs, Gs, Gg, Gg, Wwg, Wwg, Wwg, Wwf, Gg^Fp, Gg^Fp, Gs, Hh, Gll^Fp, Gs, Gs, Gs^Vo, Re, Re, Gs
Gs, Gs, Gs, Gs, Gs, Gs, Gs, Gs, Gs, 2 Ke, Re, Re, Re, Re, Gs, Re, Gs, Gs, Gs, Gs, Hh, Hh, Hh, Gs^Fp, Gs^Fp, Gs, Gs, Gs, Gll, Gs, Wwrg, Wwg, Wwf, Gg^Fp, Hh, Gg^Fp, Gg^Fp, Hh, Gll^Fp, Gs, Gs, Gs, Gs, Re
Gs, Gs, Gs^Vo, Gs, Re, Gs, Re, Re, Re, Re, Ce, 1 Ke, Ce, Gs, Gs, Gs, Gs^Fp, Gs, Gs^Fp, Gs^Fp, Hh, Hh, Gs^Fp, Gs, Gll^Fp, Hh, Gs^Fp, Gs, Gs^Fp, Gll^Fp, Hh, Wwf, Wwf, Wwf, Wwf, Wwf, Wwf, Gg^Fp, Gg^Fp, Hh^Fp, Gs^Fp, Gs^Fp, Gs^Fp, Gg
Re, Re, Re, Re, Gs, Re, Gs, Gs, Gs, Gs, Gs, Ce, Gs, Gs, Gs^Fp, Gs, Gs^Fp, Gs, Gs^Fp, Gs^Fp, Hh, Hh, Gll^Fp, Gs^Fp, Hh, Hh, Hh, Hh, Hh, Hh, Gg^Fp, Wwf, Wwg, Wwf, Hh, Gg^Fp, Gg^Fp, Wwf, Gg^Fp, Gg^Fp, Gg^Fp, Gs, Gs^Fp, Gg
Gs, Gs, Gs, Gs, Gs, Gs, Gs^Fp, Gs, Gs^Fp, Gs, Gs^Fp, Gs, Gs, Gs, Gs^Fp, Gs^Fp, Gll, Gll^Fp, Hh, Hh, Gll^Fp, Gll^Fp, Gll^Fp, Gs, Hh, Hh, Gs^Vo, Hh, Gs^Fp, Hh, Gg^Fp, Wwg, Wwg, Wwg, Gg^Fp, Gg^Fp, Gg^Fp, Wwf, Wwf, Wwf, Hh, Gs^Fp, Hh, Gg
Gs, Gs, Gs, Gs, Gs^Fp, Gs, Gs^Fp, Gs, Gs^Fp, Gs^Fp, Gll^Fp, Gs^Fp, Gs^Vo, Gs^Fp, Gll^Fp, Gll, Gll^Fp, Gs, Gs^Fp, Gll^Fp, Gs^Fp, Gs^Fp, Hh, Hh, Gll^Fp, Hh, Gll^Fp, Gll^Fp, Hh, Gg^Fp, Gg^Fp, Wwg, Wwg, Wwg, Gg^Fp, Gg^Fp, Gg^Fp, Hh, Wwf, Hh, Gs^Fp, Hh, Hh^Fp, Gll^Fp
Gs^Fp, Gs, Gs^Fp, Gs, Gll^Fp, Gs, Gs^Fp, Gs^Fp, Gll^Fp, Gll^Fp, Wwf, Hh, Hh, Gll^Fp, Gll^Fp, Gll, Gs^Fp, Gs^Fp, Gs^Fp, Gs^Fp, Hh, Hh, Gll^Fp, Gll^Fp, Gll^Fp, Hh, Hh, Gll^Fp, Gll^Fp, Gs^Fp, Gg, Wwf, Wwg, Wwg, Gg, Hh, Gg^Fp, Wwf, Hh, Wwf, Gs^Fp, Gs^Fp, Hh, Hh
Gll^Fp, Gs^Fp, Gs^Fp, Gs^Fp, Gs^Fp, Gs^Fp, Gs^Fp, Gs^Fp, Wwf, Gll^Fp, Wwf, Wwf, Hh, Hh, Hh, Hh, Hh, Gll^Fp, Hh, Hh, Hh, Gll^Fp, Gll, Gll^Fp, Hh, Hh, Gll^Fp, Hh, Gll^Fp, Gll, Gg, Wwf, Wwg, Wwg, Gg, Gg^Fp, Gg^Fp, Wwf, Wwf, Hh^Fp, Hh, Hh^Fp, Hh, Hh
Gll^Fp, Gs^Fp, Gs^Fp, Gs^Fp, Gll^Fp, Gll^Fp, Wwf, Wwf, Wwf, Wwf, Hh, Hh, Hh, Hh, Hh, Hh, Hh, Hh, Hh, Hh, Hh, Hh, Hh, Gll^Fp, Hh, Gll^Fp, Gll^Fp, Gll^Fp, Gg, Gll^Fp, Gg, Wwg, Wwg, Wwg, Gg, Gg^Fp, Gll^Fp, Gg^Fp, Hh, Wwf, Gll^Fp, Hh, Hh, Hh
