Gs, Gs, Gs, Gs, Gs, Gs, Gs, Gll^Fp, Gll^Fp, Gs, Gg, Gg, Gg, Wwg, Gg, Gs, Gs^Fp, Gs, Gs, Gs, Gs, Gs^Fp, Gs^Fp, Gs, Rr, Gs, Gs, Gs, Gs^Fp, Gs, Gs, Gs, Gs, Gs, Gll^Fp, Gll^Fp
Gs, Gs, Gs, Gs, Gs, Gs, Gs, Gll^Fp, Gll^Fp, Gll^Fp, Gll^Fp, Gg, Gg, Wwg, Gg, Gs^Fp, Gs^Fp, Gs^Fp, Gs, Gs, Gs^Fp, Gs^Fp, Gs, Gs, Rr, Gs, Gs, Gs, Gll^Fp, Gs^Fp, Gs, Gs, Hh, Gs, Gll^Fp, Gll^Fp
Gs, Gs, Gs, Gs, Gs, Gs, Gs, Gs, Gll^Fp, Gll^Fp, Gll^Fp, Gg, Wwg, Wwg, Gg, Gs^Fp, Gs^Fp, Gs^Fp, Gs, Gs^Fp, Gs^Fp, Gs, Rr, Rr, Gs, Gs, Gs, Gs, Gs^Fp, Gs^Fp, Gs, Gs^Fp, Hh, Hh, Gs, Gll^Fp
Gs, Gs^Fp, Gs^Fp, Gs, Gs, Gs, Gs, Gs, Gll^Fp, Gd^Vo, Gll^Fp, Gg, Wwg, Wwg, Gg, Gg, Gs^Fp, Gs, Gs^Fp, Gs^Fp, Gs, Rr, Gs, Gd^Vo, Gs^Fp, Gll^Fp, Gs, Gs, Gs, Gs, Gs, Gs, Gs^Fp, Gs^Fp, Gs, Gll^Fp
Gs^Fp, Gs^Fp, Gs, Gs^Fp, Gs, Gs, Gs, Gs, Gs, Gs, Gg, Gg, Wwg, Gg, Gg, Gg, Gs^Fp, Gs^Fp, Gs^Fp, Gs, Gs, Rr, Gs, Gs, Gs, Gs, Gs, Gs, Gs, Gs, Gs, Gs, Gs, Gs, Gs, Gll^Fp
Gs, Gd^Vo, Gs^Fp, Gs, Gs, Gs, Gs, Gs, Gg, Gg, Wwg, Wwg, Gg, Gg, Gs^Fp, Gs^Fp, Gs^Fp, Gs^Fp, Gs^Fp, Gs, Rr, Rr, Gs, Gs, Gs, Gs, Gs, Gs, Gs, Gs, Gs, Gll^Fp, Hh, Gs, Gs, Gll^Fp
Rb, Rb, Rb, Gs^Fp, Gs^Fp, Gs, Gs, Gs, Gg, Gg, Wwg, Gg, Gg, Gs^Fp, Gs^Fp, Gs^Fp, Gs^Fp, Gs^Fp, Gs, Rr, Gs, Gs, Gs, Gs, Gs^Fp, Gs, Gs, Gs, Gs, Gs, Gs, Gll^Fp, Gll^Fp, Hh, Gs, Gll^Fp
Ss, Ss, Rb, Gs, Gs^Fp, Gs, Gs, Gs, Gg, Gg, Wwg, Gs^Fp, Gg, Gs, Gs^Fp, Gs^Fp, Gs^Fp, Gs, Gs, Rr, Gs, Hh, Gs, Gs^Fp, Gll^Fp, Hh, Hh, Hh, Gs^Fp, Gs, Gs, Gs, Gll^Fp, Gll^Fp, Gs, Gs
Ss, Ss, Rb, Gs, Gs, Gs, Gs, Gg, Gg, Gg, Wwg, Wwg, Rb^Gvs, Gg, Gs^Fp, Gs^Fp, Gs, Gs, Gs, Rr, Gs, Gs^Fp, Gll^Fp, Gs, Gll^Fp, Gll^Fp, Gll^Fp, Gs^Fp, Gs, Gs, Gd^Vo, Gs, Gs, Gs, Gll^Fp, Gll^Fp
Ss, Gll^Fp, Rb, Gg, Gd^Vo, Gs, Rb^Gvs, Rb^Gvs, Rb^Gvs, Wwg, Wwg, Rb^Gvs, Rb^Gvs, Rb^Gvs, Gd^Vo, Gs, Gs, Hh, Gs, Rr, Gs, Gs^Fp, Gs^Fp, Gll^Fp, Gs^Fp, Gll^Fp, Gs^Fp, Gs^Fp, Gs, Gs, Gs, Gs, Gs, Gs, Gll^Fp, Gll^Fp
Gll^Fp, Gll^Fp, Gll^Fp, Gll^Fp, Gll^Fp, Gs, Rb^Gvs, Rb^Gvs, Rb^Gvs, Wwg, Wwg, Rb^Gvs, Rb^Gvs, Gg, Gg, Rb^Gvs, Rb^Gvs, Gs, Rr, Rr, Gs, Gs, Gs, Gs^Fp, Gs, Gs^Fp, Gs, Gs, Gs, Gs, Gs, Gs, Gs, Gs, Gll^Fp, Gll^Fp
Gll^Fp, Gll^Fp, Gg, Gll^Fp, Gll^Fp, Gs, Rb^Gvs, Rb^Gvs, Rb^Gvs, Wwg, Wwg, Rb^Gvs, Rb^Gvs, Gg, Rb^Gvs, Rb^Gvs, Rb^Gvs, Rb^Gvs, Rr, Co, Gs, Gs, Gs, Gs, Gs, Gs, Gs, Gs, Gs, Gs, Gs, Gs, Gs^Fp, Gs^Fp, Gll^Fp, Gll^Fp
Gll^Fp, Gll^Fp, Gs, Gs, Gs, Gs, Rb^Gvs, Rb^Gvs, Rb^Gvs, Rb^Gvs, Wwg, Rb^Gvs, Rb, Gg, Rb, Rb^Gvs, Rb, Rr, Rb^Gvs, Rb^Gvs, Rb^Gvs, Gs, Gs, Gs, Gs, Gs, Gs, Gs, Gs, Gll^Fp, Gll^Fp, Gs^Fp, Gll^Fp, Gll^Fp, Gll^Fp, Gll^Fp
Gll^Fp, Gs, Gs, Gs, Gs^Fp, Gs, Gs, Rb^Gvs, Rb^Gvs, Rb^Gvs, Gg, Wwg, Co, Co, 3 Ko, Rb, Rr, Rr, Rr, Rb^Gvs, Rb^Gvs, Rb^Gvs, Rp, Gs, Gs, Gs, Gll^Fp, Gll^Fp, Gll^Fp, Gll^Fp, Gs, Gll^Fp, Gll^Fp, Gll^Fp, Gs^Fp, Gs^Fp
Gll^Fp, Gll^Fp, Gs, Gs^Fp, Gs^Fp, Gs, Gs, Gs, Gg, Gd^Vo, Gg, Wwg, Co, Co, Rr, Rr, Ko, Co, Rb^Gvs, Rr, Rr, Rr, Gd^Vo, Rr, Rr, Gs^Fp, Gs^Fp, Gs^Fp, Gs^Fp, Gll^Fp, Gll^Fp, Gll^Fp, Gs^Fp, Gs^Fp, Rr, Rr
Gs, Gs, Gs, Gs, Gs, Gs, Gs, Gs, Gg, Gg, Rb^Gvs, Wwg, Co, Co, Rr, Co, Co, Co, Rb^Gvs, Rb^Gvs, Rb^Gvs, Gs, Gs, Gs, Gs, Rr, Rr, Rr, Rr, Gs, Gs, Gs, Rr, Rr, Gs^Fp, Gs^Fp
Gs, Gs, Gs, Gs, Gs, Gs, Gs, Gs, Rb^Gvs, Rb^Gvs, Rb^Gvs, Wwf, Wwf, Rr, Wwg, Co, Wwg, Co, Rb^Gvs, Rb^Gvs, Rb^Gvs, Rb^Gvs, Gs, Gs, Gs, Gs, Gg, Gs, Gs, Rr, Gd^Vo, Rr, Gg, Gs^Fp, Gll^Fp, Ss
Gs, Gs, Rr, Gs, Rr, Gs, Rr, Co, Rb^Gvs, Rb^Gvs, Rb, Rb, Rr, Wwf, Rb^Gvs, Wwg, Wwg, Wwg, Wwg, Wwg, Wwg, Gg, Gg, Gg, Gg, Gs, Gg, Gs^Fp, Gg, Gg, Gg, Gg, Gg, Gll^Fp, Wwg, Ss
Rr, Rr, Gs, Rr, Gs, Rr, Gs, Rr, Rr, Rb, Rr, Rr, Rb, Rb, Rb^Gvs, Rb^Gvs, Rb^Gvs, Rb^Gvs, Rb^Gvs, Rb^Gvs, Rb^Gvs, Wwg, Gg, Gg, Gg, Gg, Wwg, Gg, Wwf, Gg, Wwg, Gg, Wwg, Wwg, Wwg, Wwg
Gs, Gs, Gs, Gs, Gll^Fp, Gs, Gs, Gs, Gs, Rr, Rr, Rb, Rb^Gvs, Rb^Gvs, Rb^Gvs, Rb^Gvs, Rb^Gvs, Rb^Gvs, Rb^Gvs, Rb^Gvs, Rb^Gvs, Wwg, Wwg, Wwg, Wwg, Wwg, Gg, Wwf, Gg, Wwg, Gg, Wwg, Gg, Rb, Ss, Wwg
Gs, Gs, Gll^Fp, Gll^Fp, Gll^Fp, Gll^Fp, Gll^Fp, Gs, Gs, Gd^Vo, Gs, Rr, Rr, Rr, Rr, Rr, Rr, Rb^Gvs, Co, Rb^Gvs, Rb^Gvs, Rb^Gvs, Gg, Wwg, Gg, Gg, Gg, Gg, Gg, Gg, Gg, Gg, Gg, Rb, Ss, Wwg
Gs, Gll^Fp, Gll^Fp, Gll^Fp, Hh, Gll^Fp, Hh, Gs^Fp, Gll^Fp, Gs, Gs, Gs, Gs, Gs, Gs, Gs, Gs, Rr, Rr, Gs, Gs, Gs, Gs, Gg, Gs, Gs^Fp, Gs^Fp, Gs^Fp, Gs^Fp, Gs, Gs, Gs, Gs, Rb, Gs^Fp, Ss
Gll^Fp, Gll^Fp, Hh, Hh, Gll^Fp, Hh, Hh, Gll^Fp, Gll^Fp, Gs, Gs, Gs, Gll^Fp, Gll^Fp, Gs, Gll^Fp, Gs, Gs, Gs, Rr, 2 Rr, 1 Gs, Gs, Gs^Fp, Gs^Fp, Gs, Gs, Gd^Vo, Gs^Fp, Gs^Fp, Gs, Gs, Gs, Gs, Gs, Gs^Fp
Gll^Fp, Gll^Fp, Hh, Hh, Gll^Fp, Gll^Fp, Hh, Hh, Hh, Gs^Fp, Gs, Gs, Gll^Fp, Gll^Fp, Gs^Fp, Gll^Fp, Gs^Fp, Hh, Gs, Gs, Gs, Rr, Rr, Gs, Gs^Fp, Gs^Fp, Gs, Gs^Fp, Gs, Gs, Gs, Gs, Gs, Gs, Gs, Gs^Fp
Gll^Fp, Gll^Fp, Gll^Fp, Hh, Gll^Fp, Gs^Fp, Gll^Fp, Hh, Gll^Fp, Gs^Fp, Gs^Fp, Gs, Gs, Gll^Fp, Ss, Gll^Fp, Gs^Fp, Gs^Fp, Gs^Fp, Hh, Gs, Gs, Rr, Gs, Gs, Gs, Gs, Gs, Gs, Gs, Gs, Gs, Gs, Gs, Gs, Gs^Fp
Gs, Gs, Hh, Hh, Gs, Gs, Gs, Hh, Gll^Fp, Gll^Fp, Gs^Fp, Gs^Fp, Gs, Gs^Fp, Ss, Ss, Gd^Vo, Gs^Fp, Gs^Fp, Gll^Fp, Gs, Gs, Gs, Rr, Gs, Gs, Gs, Gs, Gs, Gs, Gs, Gs, Gs, Gs, Gs^Fp, Gs^Fp
Hh, Hh, Gll^Fp, Gd^Vo, Gs, Gs, Gs, Gs, Gll^Fp, Gll^Fp, Gs, Gs^Fp, Gs, Gs^Fp, Gs^Fp, Gs, Gs, Gs^Fp, Gs^Fp, Gll^Fp, Hh, Gs, Gs, Rr, Gs, Gs, Gs, Gs, Gs, Gs, Gd^Vo, Gs, Gs, Gs, Gs, Gs^Fp
Hh, Hh, Gll^Fp, Gs, Gs, Gs^Fp, Gll^Fp, Gs, Gll^Fp, Gs, Gs, Gs, Gs, Gs, Gs, Ds, Ds, Gs^Fp, Gs, Gs, Gs, Gs, Gs, Rr, Rr, Gs, Gs, Gs, Gs, Gs, Gs, Gs, Gs, Gs, Gs^Fp, Gs^Fp
Gs, Hh, Hh, Gll^Fp, Gll^Fp, Gll^Fp, Hh, Hh, Hh, Hh, Gs, Gs, Gs, Gs, Gs, Gs, Ds, Gs, Gs, Gs, Gs, Hh, Gs, Gs, Rr, Gs, Gs, Gs, Gs, Gs, Gs, Gs, Gs^Fp, Gs^Fp, Gs^Fp, Gs^Fp
Hh, Hh, Hh, Hh, Hh, Hh, Hh, Hh, Gll^Fp, Gll^Fp, Gs, Gs, Gs, Gs, Gs, Aa, Aa, Gs, Gs, Gs, Gs, Gs, Gs, Gs, Rr, Gs, Rp, Gs, Gs, Gs, Gs, Gs, Gs^Fp, Gs^Fp, Gs^Fp, Gll^Fp
