Gg, Gg, Gg, Gg, Re, Re, Re, Gg, Gg, Gg, Gg, Gg, Gg, Gg, Gg^Efm, Gg, Gg, Gg, Gg^Fp, Hh, Gs^Fds, Gg^Fms, Gs^Fds, Gg^Fds, Gs^Fds, Gg^Fms, Gg^Fms, Gg^Fms, Gg^Fms, Gg^Fms, Gg^Fms, Gs^Fms, Gs^Fms, Gg^Fms, Gs^Fms, Gg^Fms, Gg^Fms, Gg^Fds, Gg^Fms, Gg^Fds, Gs^Fds, Gs^Fds, Gs^Fms, Hh, Hh, Hh
Gg, Gg, Gg^Es, Gg, Gg, Re, Re, Re, Re, Gg, Gs, Gs, Gs, Gs, Gs, Gg, Gs^Vh, Gg, Gg, Gs^Fds, Gg^Fp, Gs^Fds, Gs^Fms, Gs^Fms, Gs^Fds, Gs^Fds, Gs^Fms, Gs^Fms, Gg^Fds, Gg^Fms, Gs^Fds, Gs^Fds, Gs^Fds, Gs^Fds, Gg^Fms, Gg^Fms, Gg^Fms, Gg^Fds, Gs^Fds, Gs^Fms, Gg^Fet, Gs^Fms, Gs^Fds, Hh, Gs^Fms, Gs^Fds
Gg, Gg, Gg, Gg, Gg, Gg, Gg, Re, Re, Re, Re, Gg, Ce, Ce, Ce, Gs, Gs, Gg, Gg, Gg^Fp, Gg, Gg^Fp, Gs^Vh, Gs^Fms, Gg^Fms, Gs^Fds, Gg^Fms, Gs^Fms, Gs^Fds, Gs^Fds, Gg^Fms, Gg^Ve, Gs, Gg^Fp, Gg^Fp, Gg, Gs^Fms, Gg, Gg, Gg, Gg^Efm, Gs^Fms, Gg, Gs^Fds, Gg^Ve, Gs^Fds
Gg, Gg, Gs^Vl, Gg, Gg, Gg, Gg, Gg^Es, Gs, Re, Re, Re, Re, 1 Ke, Ce, Gs, Gs, Gg, Gg, Gg, Gg, Gg, Gg, Gg^Fp, Gg, Gg^Fms, Gs^Fds, Gs^Fms, Gg, Gg^Fms, Gg^Fds, Gg^Fms, Gs, Gg^Fp, Gg, Gg^Fp, Gg, Gg, Gg, Gg, Cv, Gg, Gg, Gg, Gs^Fds, Hh
Gg, Gg^Fp, Gg, Gg, Gg, Gg, Gg, Gs, Gs, Gs, Ce, Re, Re, Re, Re, Gs, Gg^Es, Gg, Gg, Gg, Gg, Gg, Gg, Gg^Fp, Gg^Fp, Gg^Fp, Gg, Gs^Fms, Gg, Gg^Fp, Gs^Fms, Gg^Fms, Gg, Gs, Gg, Gg, Gg, Gg, Gg, Cv, 4 Kv, Cv, Gg, Gg, Gg^Fms, Gg^Fds
Gll^Fp, Gg^Fp, Gg^Fms, Gg^Fp, Gg, Gg, Gg, Gg, Gg, Gs, Ce, 2 Ke, Ce, Re, Re, Re, Re, Gg, Gg, Gg^Efm, Gg, Gg, Gg^Efm, Gg, Gg, Gg^Fp, Gs^Fms, Gg, Gs^Fms, Gs^Fms, Gg^Ve, Gs^Fms, Gg, Gg, Gg, Gg, Gg^Efm, Gg, Re, Cv, Cv, Cv, Gg^Efm, Gg, Gs^Fds, Gs^Fms
Hh, Gll^Fp, Gll^Fp, Gg^Fp, Gg^Fp, Gg^Fms, Gg^Fms, Gg^Fp, Gs^Vh, Gs, Gg, Ce, Gs, Gs, Gg, Re, Re, Re, Re, Gg, Gg, Gg, Gs^Vl, Gg, Gg, Gg^Fp, Gg, Gs^Fds, Gg, Gg, Gg, Gg, Gg, Gg^Efm, Gg, Gg, Re, Re, Gg, Gg, Gg, Gg, Gg, Gg, Gs^Fms, Wwt
Mm, Hh, Hh^Fp, Gll^Fp, Gs^Fms, Gg^Fp, Gll^Fp, Gll^Fp, Gs^Fms, Gs^Fms, Gg^Fp, Gg^Fp, Gg^Fms, Gs, Gg, Gg, Gg, Re, Re, Re, Re, Gg, Gg, Gg, Gg, Gg, Gg, Gg, Gg^Es, Gg, Gg, Gg, Gg, Gg, Re, Gg, Gg, Gg^Ve, Gg, Gg, Gs^Fds, Gg, Gg, Gs^Fds, Wwt, Wwt
Mm, Hh, Hh^Vhh, Hh, Hh, Hh, Hh, Hh, Hh^Fp, Hh^Fp, Hh, Hh, Hh, Gg^Fp, Gg, Gg, Gg, Gg, Gg^Efm, Re, Re, Re, Re, Gg, Gg, Gg^Efm, Gg, Gg, Gg, Gg, Gg, Gg, Re, Re, Gg, Gg^Efm, Gg, Gg, Gs^Fds, Hh^Fp, Hh, Gg, Gg, Wwt, Wwt, Wwt
Mm, Mm, Hh, Hh^Fp, Mm, Mm, Mm, Mm, Mm, Hh, Mm, Mm, Hh, Gll^Fp, Gs^Fms, Gg^Fp, Gg^Fp, Gg, Gg, Gg, Gg, Re, Re, Re, Re, Gg, Gs, Gg, Gg, Gg, Re, Re, Gg, Gg, Gg, Gg, Gg, Gg, Gg^Fms, Hh, Hh^Fms, Gs^Fds, Gg, Gg, Gg^Fds, Wwt
Mm, Hh, Hh^Fp, Mm^Fp, Mm, Mm, Mm, Mm, Mm, Mm, Mm, Mm, Hh, Hh, Hh^Fp, Hh, Gg^Fp, Gg, Gg^Fp, Gg, Gg, Gg, Gg^Es, Re, Re, Re, Re, Gg, Re, Re, Gg, Gg, Gs, Gg, Gs, Gg^Fms, Gg^Fms, Gg^Fms, Hh, Hh, Hh^Fms, Gs^Fds, Gg, Gg, Gg, Wwt
Mm, Hh, Hh, Mm, Mm, Mm, Mm, Mm, Mm, Mm, Mm, Mm, Hh, Gg^Fms, Hh, Gs^Fms, Gg^Fp, Gg, Gg, Gs^Vc, Gg^Fds, Gg, Gg^Fds, Gg, Gg^Fds, Re, Re, Re, Re, Gg, Gg, Gg, Gg, Gs, Gg^Fds, Gg, Gg, Gg^Fds, Hh, Hh, Gg^Ve, Gg^Fms, Gg^Fds, Gg, Gg^Fds, Gg^Fds
Mm, Hh, Hh^Fp, Mm, Mm, Mm, Mm, Mm, Mm, Mm, Hh, Hh, Gll^Fp, Gg^Fms, Hh, Gg^Fp, Gg, Gg^Efm, Gg, Gg, Gg^Fds, Ww, Ww, Gg^Fms, Ww, Gg^Fds, Rb^Gvs, Re, Re, Re, Re, Gg^Ve, Re, Gg^Fds, Gg, Gg^Efm, Gg, Gg^Fds, Hh^Fp, Hh, Hh, Gg^Fds, Gs^Fds, Gg, Gg, Gg^Fds
Mm, Hh^Fp, Hh^Fp, Hh^Fp, Hh, Mm, Hh, Mm, Hh, Hh, Gs^Fds, Gs^Fds, Gg^Fds, Gg^Fms, Gg^Fp, Gg, Gg^Fp, Gg, Gg, Gg, Gg, Ww, Ww, Ww, Ww, Gg^Fds, Rb^Gvs, Rb^Gvs, Re, Re, Re, Re, Re, Re, Re, Gg, Gs, Gg, Gg, Gs^Fds, Gg^Fp, Hh, Gg, Gg, Gg, Gg
Mm, Mm, Mm, Hh^Fp, Hh, Hh, Hh, Hh^Fp, Hh, Hh^Fp, Hh, Gg^Fds, Gg^Fp, Gg^Fp, Gg, Gg, Gg, Gg, Gg, Gg, Gg^Fds, Ww, Ww, Ww, Rb^Gvs, Rb^Gvs, Re, Re, Re, Re, Gg^Fds, Re, Gg^Fds, Re, Re, Re, Re, Gg, Gg, Gs^Fds, Gg^Fp, Gg, Gg, Gg, Gg^Fds, Gg^Fds
Mm, Mm, Mm, Mm, Mm, Hh, Hh^Vhh, Hh, Gs^Fms, Gg^Fp, Gg^Fms, Gg^Fp, Gg, Gg^Efm, Gg, Gg, Gg, Gg, Gg, Gg^Fds, Ww, Ww, Rb^Gvs, Rb^Gvs, Re, Re, Re, Re, Gg^Fds, Gg^Fds, Gg^Fds, Gg^Fds, Gg^Fds, Gg^Fds, Rb^Gvs, Re, Re, Re, Re, Gg^Efm, Gg, Gg, Gg, Gg^Fds, Gg^Fds, Gs^Fds
Mm, Mm, Mm, Mm, Mm, Mm, Mm, Hh^Fp, Gg^Fms, Gg^Fms, Gg^Fms, Gg^Fp, Gg, Gg, Re, Gg, Gg, Gg, Rb^Gvs, Rb^Gvs, Rb^Gvs, Rb^Gvs, Re, Re, Re, Re, Rb^Gvs, Rb^Gvs, Rb^Gvs, Rb^Gvs, Rb^Gvs, Rb^Gvs, Rb^Gvs, Rb^Gvs, Rb^Gvs, Rb^Gvs, Rb^Gvs, Re, Re, Re, Re, Gg, Gg, Gg, Gg^Fds, Wwt
Mm, Mm, Mm, Mm, Mm, Mm, Hh^Fp, Hh, Gg^Fp, Gs^Fms, Gg^Fms, Gg^Fms, Re, Re, Rb^Gvs, Re, Re, Rb^Gvs, Rb^Gvs, Rb^Gvs, Re, Re, Re, Re, Rb^Gvs, Rb^Vl, Rb^Gvs, Rb^Gvs, Rb^Gvs, Rb^Gvs, Ww, Rb^Gvs, Ww, Rb^Gvs, Ww, Rb^Gvs, Rb^Gvs, Rb^Gvs, Rb^Gvs, Re, Re, Re, Gg, Gg, Wwt, Wwt
Mm, Mm, Mm, Mm, Mm, Mm, Hh, Gs^Fds, Gg^Fms, Gg^Fms, Re, Re, Re, Rb^Gvs, Rb^Gvs, Rb^Gvs, Rb^Gvs, Re, Re, Re, Re, Re, Re, Re, Re, Rb^Gvs, Ww, Ww, Ww, Ww, Ww, Ww, Wwf, Ww, Ww, Ww, Ww, Ww, Ww^Bsb/, Re, Re, Re, Wwt, Wwt, Ww, Wwt
Mm, Mm, Mm, Mm, Mm, Mm, Hh, Gs^Fds, Gg^Fds, Gg^Fp, Rb^Gvs, Rb^Gvs, Rb^Gvs, Re, Re, Gg^Fds, Rb^Vl, Rb^Gvs, Re, Re, Rb^Gvs, Rb^Gvs, Rb^Gvs, Re, Ww^Bsb\, Ww^Bsb\, Ww^Bsb\, Ww, Ch, Wwr, Ch, Ch, Ch, Ch, Ch, Ch, Rrc, Ww^Bsb/, Ww^Bsb/, Ww^Bsb/, Ww, Ww, Ww, Ww, Ww, Ww
Mm, Mm, Mm, Mm, Mm, Mm, Hh, Gll^Fp, Hh^Fp, Gg^Fds, Gg^Fp, Gg^Fp, Rb^Gvs, Rb^Gvs, Rb^Vl, Re, Re, Re, Rb^Gvs, Rb^Gvs, Rb^Gvs, Rb^Gvs, Ww, Ww, Ww, Ww^Bsb\, Rrc, Rrc, Rrc, Ch, Gg^Efm, Gg^Efm, Gg^Efm, Gg^Efm, Rrc, Rrc, Rrc, Rrc, Ch, Ww, Ww, Ww, Wo, Wo, Wo, Wo
Mm, Mm, Mm, Mm, Mm, Mm, Mm, Hh, Hh, Gs^Fds, Hh^Fp, Gg^Fms, Gg^Fms, Rb^Gvs, Re, Re, Rb^Gvs, Rb^Gvs, Rb^Gvs, Rb^Gvs, Gg^Fp, Ww, Ww, Ww, Ch, Ch, Gg^Efm, Rrc, Rrc, Rrc, Rrc, Re^Vhc, Rrc, Rrc, Rrc, Rrc, Gg^Efm, Ch, Wwr, Ww, Wo, Wo, Wo, Wo, Wo, Wo
Mm, Mm, Mm, Mm, Mm, Mm, Mm, Mm, Mm, Hh, Hh, Gll^Fp, Gg^Fp, Re, Rb^Gvs, Rb^Gvs, Gg^Fp, Gg^Fp, Gg^Fp, Gg^Fp, Gg^Fp, Ww, Ww, Ww, Ch, Gg^Efm, Re^Vhc, Gg, Gg, Rrc, Rrc, Rrc, Rrc, Rrc, Re^Vhc, Gg^Efm, Gg^Efm, Ch, Ww, Ww, Wo, Wo, Wo, Wo, Wo, Wo
Mm, Mm, Mm, Mm, Mm, Mm, Mm, Mm, Mm, Gs^Fms, Hh, Gll^Fp, Gs^Fds, Gg^Fms, Gg^Fp, Rb^Gvs, Gg^Fds, Gg^Fp, Hh, Hh, Hh, Wwr, Ww, Ww, Wwr, Gg^Efm, Gg^Efm, Re, Re, Rr^Vhc, Rr, Rrc, Rrc, Rrc, Rrc, Re^Vhc, Re, Ch, Ww, Wo, Wo, Wo, Wo, Wo, Wo, Wo
Mm, Hh^Vhh, Hh, Mm, Hh, Mm, Mm, Mm, Mm, Hh, Hh, Hh, Hh, Gs^Fds, Gs^Fds, Gg^Fms, Gs^Fds, Hh, Mm, Mm, Mm, Mm, Mm, Ww, Ww, Ch, Rrc^Vhc, Gg^Efm, Gg^Efm, Re, Re, Rr^Vhc, Rrc, Rrc, Re, Re, Ww^Bw\, Ww^Bw\, Wo, Wo, Wo, Wo, Wo, Wo, Wo, Wo
Mm, Mm, Hh, Hh, Hh, Mm, Mm, Mm, Mm, Mm, Mm, Hh^Fp, Hh^Fp, Hh, Gs^Fds, Gs^Fds, Hh, Hh, Mm, Mm, Mm, Mm, Mm, Wwr, Ww, Ww, Wwf, Ch, Ch, Gg^Efm, Rrc, Rrc, Ch, Re^Vhc, Wo, Ww^Bw\, Wo, Wo, Wo, Wo, Wo, Wo, Wo, Wo, Wo, Wo
Hh, Mm, Mm, Hh, Hh, Mm, Mm, Mm, Mm, Mm, Mm, Mm, Mm, Hh, Hh^Vhh, Hh, Mm, Mm, Mm, Mm, Mm, Mm, Mm, Mm, Wwr, Ww, Ww, Wwr, Wwf, Re^Vhc, Ch, Rrc, Wo^Bsb\, Wo, Ch, Wo, Wo, Wo, Wo, Wo, Wo, Wo, Wo, Wo, Wo, Wo
Mm, Hh, Hh, Hh, Mm, Mm, Mm, Mm, Mm, Mm, Mm, Mm, Mm, Hh, Mm, Mm, Mm, Mm, Mm, Mm, Mm, Mm, Mm, Mm, Mm, Wwf, Ww, Wwf, Ww, Wwf, Wo, Wo, Ch, Rrc, Ch, 3 Kh, Ch, Ww, Mm, Ww, Hh^Fms, Wo, Wo, Wo, Wo, Wo
Mm, Mm, Hh^Vhh, Mm, Mm, Mm, Mm, Mm, Mm, Mm, Mm, Mm, Hh, Hh, Mm, Mm, Mm, Mm, Mm, Mm, Mm, Mm, Mm, Mm, Mm, Wwf, Wwf, Ww, Wo, Wo, Wo, Wo, Mm, Ch, Ch, Ch, Gg, Hh, Gs^Fms, Gs^Fms, Hh^Fp, Ww, Wo, Wo, Wo, Wo
Mm, Mm, Mm, Mm, Mm, Mm, Mm, Mm, Mm, Mm, Mm, Hh, Mm, Mm, Mm, Mm, Mm, Mm, Mm, Mm, Mm, Mm, Mm, Mm, Mm, Wwr, Ww, Wo, Wo, Wo, Ww, Hh^Fp, Mm, Mm, Mm, Hh, Gs^Fms, Gg, Gg, Gg, Gs^Fds, Hh^Fp, Ww, Wo, Wo, Wo
Mm, Mm, Mm, Mm, Mm, Mm, Mm, Mm, Mm, Mm, Mm, Hh, Hh, Mm, Mm, Mm, Mm, Mm, Mm, Mm, Mm, Mm, Mm, Mm, Wwf, Ww, Wo, Wo, Wo, Ww, Mm, Mm, Mm, Mm, Mm, Mm, Gg^Em, Gg, Gs^Fms, Gg^Efm, Gs^Fms, Gll^Fp, Wo, Wo, Wo, Wo
Mm, Mm, Mm, Mm, Mm, Mm, Mm, Mm, Mm, Mm, Mm, Mm, Hh, Mm, Mm, Mm, Hh, Mm, Mm, Mm, Mm, Mm, Mm, Mm, Ww, Ww, Wo, Wo, Wo, Wo, Wo, Mm, Mm, Hh, Hh, Hh, Mm, Hh, Ww, Hh^Fms, Ww, Ww, Wo, Wo, Wo, Wo
Mm, Mm, Mm, Mm, Mm, Mm, Mm, Mm, Mm, Mm, Mm, Mm, Mm, Hh, Hh, Hh, Mm, Hh, Mm, Mm, Mm, Mm, Mm, Mm, Ww, Wo, Wo, Wo, Wo, Wo, Wo, Mm, Mm, Mm, Mm, Mm, Hh^Fms, Hh^Fms, Ww, Ww, Wo, Wo, Wo, Wo, Wo, Wo
Mm, Mm, Mm, Mm, Mm, Mm, Mm, Mm, Mm, Mm, Mm, Mm, Mm, Mm, Mm, Mm, Mm, Mm, Mm, Mm, Mm, Mm, Mm, Mm, Mm, Wo, Wo, Wo, Wo, Wo, Wo, Wo, Wo, Ww, Wo, Ww, Wo, Wo, Wo, Wo, Wo, Wo, Wo, Wo, Wo, Wo
_off^_usr, Mm, _off^_usr, Mm, _off^_usr, Mm, _off^_usr, Mm, _off^_usr, Mm, _off^_usr, Mm, _off^_usr, Mm, _off^_usr, Mm, _off^_usr, Mm, _off^_usr, Mm, _off^_usr, Mm, _off^_usr, Mm, _off^_usr, Mm, _off^_usr, Wo, _off^_usr, Wo, _off^_usr, Wo, _off^_usr, Wo, _off^_usr, Wo, _off^_usr, Wo, _off^_usr, Wo, _off^_usr, Wo, _off^_usr, Wo, _off^_usr, Wo
_off^_usr, _off^_usr, _off^_usr, _off^_usr, _off^_usr, _off^_usr, _off^_usr, _off^_usr, _off^_usr, _off^_usr, _off^_usr, _off^_usr, _off^_usr, _off^_usr, _off^_usr, _off^_usr, _off^_usr, _off^_usr, _off^_usr, _off^_usr, _off^_usr, _off^_usr, _off^_usr, _off^_usr, _off^_usr, _off^_usr, _off^_usr, _off^_usr, _off^_usr, _off^_usr, _off^_usr, _off^_usr, _off^_usr, _off^_usr, _off^_usr, _off^_usr, _off^_usr, _off^_usr, _off^_usr, _off^_usr, _off^_usr, _off^_usr, _off^_usr, _off^_usr, _off^_usr, _off^_usr
_off^_usr, _off^_usr, _off^_usr, _off^_usr, _off^_usr, _off^_usr, _off^_usr, _off^_usr, _off^_usr, _off^_usr, _off^_usr, _off^_usr, _off^_usr, _off^_usr, _off^_usr, _off^_usr, _off^_usr, _off^_usr, _off^_usr, _off^_usr, _off^_usr, _off^_usr, _off^_usr, _off^_usr, _off^_usr, _off^_usr, _off^_usr, _off^_usr, _off^_usr, _off^_usr, _off^_usr, _off^_usr, Xu, _off^_usr, _off^_usr, _off^_usr, _off^_usr, _off^_usr, _off^_usr, _off^_usr, _off^_usr, _off^_usr, _off^_usr, _off^_usr, _off^_usr, _off^_usr
_off^_usr, _off^_usr, _off^_usr, _off^_usr, _off^_usr, _off^_usr, _off^_usr, _off^_usr, _off^_usr, _off^_usr, _off^_usr, _off^_usr, _off^_usr, _off^_usr, _off^_usr, _off^_usr, _off^_usr, _off^_usr, Xu, _off^_usr, Xu, _off^_usr, _off^_usr, _off^_usr, Xu, Xu, Xu, _off^_usr, _off^_usr, _off^_usr, _off^_usr, Xu, Uu^Ii, Xu, _off^_usr, _off^_usr, _off^_usr, _off^_usr, _off^_usr, _off^_usr, _off^_usr, _off^_usr, _off^_usr, _off^_usr, _off^_usr, _off^_usr
_off^_usr, _off^_usr, _off^_usr, _off^_usr, _off^_usr, _off^_usr, _off^_usr, _off^_usr, _off^_usr, _off^_usr, _off^_usr, _off^_usr, _off^_usr, _off^_usr, _off^_usr, _off^_usr, Xu, Xu, Ur^Ii, Xu, Uu, Xu, Xu, Xu, Uu, Uu, Uu, Xu, Xu, Xu, Xu, Xu, Uu, Xu, _off^_usr, _off^_usr, _off^_usr, _off^_usr, _off^_usr, _off^_usr, _off^_usr, _off^_usr, _off^_usr, _off^_usr, _off^_usr, _off^_usr
_off^_usr, _off^_usr, _off^_usr, _off^_usr, _off^_usr, _off^_usr, _off^_usr, _off^_usr, _off^_usr, _off^_usr, _off^_usr, _off^_usr, _off^_usr, _off^_usr, _off^_usr, _off^_usr, _off^_usr, Xu, Xu, Ur, Xu, Uu, Ur, Uu, Ur, Ur, Uu, Uu, Uu, Uu, Ur, Uu, Uu, Xu, _off^_usr, _off^_usr, _off^_usr, _off^_usr, _off^_usr, _off^_usr, _off^_usr, _off^_usr, _off^_usr, _off^_usr, _off^_usr, _off^_usr
_off^_usr, _off^_usr, _off^_usr, _off^_usr, _off^_usr, _off^_usr, _off^_usr, _off^_usr, _off^_usr, _off^_usr, _off^_usr, _off^_usr, _off^_usr, _off^_usr, _off^_usr, _off^_usr, _off^_usr, _off^_usr, _off^_usr, Xu, _off^_usr, Xu, Xu, Uu, Uu, Uu, Xu, Uu, Uu, Xu, Xu, Xu, Xu, Xu, _off^_usr, _off^_usr, _off^_usr, _off^_usr, _off^_usr, _off^_usr, _off^_usr, _off^_usr, _off^_usr, _off^_usr, _off^_usr, _off^_usr
_off^_usr, _off^_usr, _off^_usr, _off^_usr, _off^_usr, _off^_usr, _off^_usr, _off^_usr, _off^_usr, _off^_usr, _off^_usr, _off^_usr, _off^_usr, _off^_usr, _off^_usr, _off^_usr, _off^_usr, _off^_usr, _off^_usr, _off^_usr, _off^_usr, _off^_usr, Xu, Uu, Xu, Xu, Xu, Uu, Uu, Xu, _off^_usr, _off^_usr, _off^_usr, _off^_usr, _off^_usr, _off^_usr, _off^_usr, _off^_usr, _off^_usr, _off^_usr, _off^_usr, _off^_usr, _off^_usr, _off^_usr, _off^_usr, _off^_usr
_off^_usr, _off^_usr, _off^_usr, _off^_usr, _off^_usr, _off^_usr, _off^_usr, _off^_usr, _off^_usr, _off^_usr, _off^_usr, _off^_usr, _off^_usr, _off^_usr, _off^_usr, _off^_usr, _off^_usr, _off^_usr, _off^_usr, _off^_usr, _off^_usr, _off^_usr, _off^_usr, Xu, _off^_usr, _off^_usr, _off^_usr, Xu, Xu, Xu, _off^_usr, _off^_usr, _off^_usr, _off^_usr, _off^_usr, _off^_usr, _off^_usr, _off^_usr, _off^_usr, _off^_usr, _off^_usr, _off^_usr, _off^_usr, _off^_usr, _off^_usr, _off^_usr
_off^_usr, _off^_usr, _off^_usr, _off^_usr, _off^_usr, _off^_usr, _off^_usr, _off^_usr, _off^_usr, _off^_usr, _off^_usr, _off^_usr, _off^_usr, _off^_usr, _off^_usr, _off^_usr, _off^_usr, _off^_usr, _off^_usr, _off^_usr, _off^_usr, _off^_usr, _off^_usr, _off^_usr, _off^_usr, _off^_usr, _off^_usr, _off^_usr, _off^_usr, _off^_usr, _off^_usr, _off^_usr, _off^_usr, _off^_usr, _off^_usr, _off^_usr, _off^_usr, _off^_usr, _off^_usr, _off^_usr, _off^_usr, _off^_usr, _off^_usr, _off^_usr, _off^_usr, _off^_usr
_off^_usr, _off^_usr, _off^_usr, _off^_usr, _off^_usr, _off^_usr, _off^_usr, _off^_usr, _off^_usr, _off^_usr, _off^_usr, _off^_usr, _off^_usr, _off^_usr, _off^_usr, _off^_usr, _off^_usr, _off^_usr, _off^_usr, _off^_usr, _off^_usr, _off^_usr, _off^_usr, _off^_usr, _off^_usr, _off^_usr, _off^_usr, _off^_usr, _off^_usr, _off^_usr, _off^_usr, _off^_usr, _off^_usr, _off^_usr, _off^_usr, _off^_usr, _off^_usr, _off^_usr, _off^_usr, _off^_usr, _off^_usr, _off^_usr, _off^_usr, _off^_usr, _off^_usr, _off^_usr
