Re, Gs, Gs, Gs, Gg, Gll^Fp, Gll^Fp, Mm, Hh, Gll^Fp, Gll^Fp, Mm, Hh, Gg, Mm, Mm, Mm, Mm, Mm, Gll^Fp, Hh, Gll^Fp, Mm, Mm, Mm, Mm, Mm, Mm, Wwg, Mm, Mm, Gg, Mm, Mm, Mm, Mm, Mm, Gg
Gs, Re, Re, Gd^Vo, Gs, Gll^Fp, Gs, Gs^Es, Gll, Gll^Fp, Gll^Fp, Gll^Fp, Gll^Fp, Hh, Hh, Hh, Hh, Hh^Vhh, Hh, Hh, Gll^Fp, Hh, Hh, Mm, Mm, Mm, Mm, Wwrg, Wwg, Mm, Mm, Mm, Mm, Mm, Mm, Mm, Mm, Mm
Gll^Fp, Gs, Gs, Re, Re, Gs, Gs, Gs, Gs, Gll, Gs, Gd^Vo, Gll^Fp, Gll^Fp, Gll^Em, Gll^Fp, Hh, Hh^Es, Gll^Fp, Gll^Fp, Hh, Gs^Fms, Hh, Hh, Hh, Mm, Wwrg, Wwg, Wwg, Mm, Mm, Mm, Mm, Mm, Mm, Mm, Mm, Mm
Gll^Fp, Gd^Vo, Gs, Gs, Ce, Ce, Ce, Gs, Gs, Gs^Efm, Gs, Gs, Gs, Gll^Fp, Gll, Gll, Gs, Gll^Fp, Gll^Fp, Hh, Gs^Edb, Gll^Fp, Ss, Wwrg, Sm, Hh, Wwg, Wwg, Mm, Mm, Mm, Mm, Mm, Mm, Mm, Mm, Mm, Mm
Gs, Gll^Fp, Gs, Gs, Ce, 1 Ke, Ce, Re, Re, Re, Re, Re, Re, Gs, Gs, Gs, Gs, Gll^Fp, Gd, Gs^Fms, Rb, Gll^Fp, Rb, Ss, Ww^Ewl, Wwg, Wwrg, Ss, 2 Mm, Mm, Mm, Mm, Mm, Mm, Mm, Mm, Mm, Mm
Gll^Fp, Gs, Gs, Gs, Gs, Ce, Gs, Gs, Gs, Gs, Gs, Gs^Es, Gs, Re, Re, Gs^Efm, Gs, Gs, Gll, Gll, Rb, Ss, Wwg, Wwf, Ss, Hh, Ss, Chr, Khr, Mm, Mm, Mm, Mm, Mm, Mm, Mm, Wwrg, Wwg
Gll^Fp, Gll^Fp, Gs, Gs, Gll^Fp, Gs, Gll, Gs, Gll^Fp, Gll^Fp, Gs, Gs, Gs, Gs, Gs, Re, Re, Gs, Gs, Gll, Ss, Sm, Wwg, Rb, Chs, Ss, Ss, Chr, Chr, Mm, Wwrg, Mm, Mm, Mm, Mm, Mm, Wwg, Wwg
Gll^Fp, Gll^Fp, Gll, Gll, Gll, Gll^Fp, Gll^Fp, Gll, Hh, Gll^Fp, Hh^Es, Gll^Fp, Gd^Vo, Gs, Gs, Gs, Re, Re, Gs, Rb, Rb, Sm, Rb, Rb, Rb, Chr, Ss, Gll^Fp, Sm, Wwg, Wwg, Wwg, Wwg, Wwrg, Wwg, Wwg, Wwg, Wwg
Gll^Fp, Gd^Vo, Gs, Gll^Fp, Gll^Fp, Gll^Fp, Hh, Hh^Vhh, Md, Mm, Mm, Hh, Hh, Gll, Gll^Fp, Gs, Re, Gs^Es, Gll^Fp, Gll^Fp, Rb, Wwf, Gll, Ss, Rb, Gll^Fp, Rb, Sm, Sm, Rb, Gll, Wwg, Wwg, Wwg, Wwg, Wwg, Mm, Mm
Gll^Fp, Gs, Gll, Gll, Gll^Fp, Hh, Md, Md, Md, Md, Md, Mm, Hh, Gll^Fp, Gll^Fp, Gs, Re, Gs, Gs, Gll^Fp, Gll^Fp, Wwrg, Gll^Fp, Wwg, Rb, Sm, Wwf, Ss, Ss, Wwg, Sm, Wwg, Wwg, Wwg, Mm, Mm, Mm, Mm
Gll^Fp, Gll^Fp, Gll, Gll^Fp, Gll^Fp, Hh, Md, Md, Md, Md, Md, Mm, Hh, Gs^Fms, Gll, Gll, Re, Gs, Gll^Fp, Rb, Ss, Sm, Sm, Rb, Ss, Ww^Ewl, Ss, Gll, Rb, Ss, Rb, Wwg, Wwg, Wwg, Mm, Mm, Mm, Mm
Gll^Fp, Gll^Fp, Gll^Fp, Gll, Gs, Hh, Hh, Md, Hh, Md, Hh, Hh, Hh, Hh, Gs, Gll, Re, Gs, Gll^Fp, Rb, Ss, Sm, Wwg, Ss, Wwg, Rb, Chr, Ss, Rb, Gll^Fp, Ss, Gll^Fp, Sm, Wwg, Mm, Mm, Mm, Mm
Hh, Hh, Hh, Gll^Fp, Gll, Gll^Fp, Gll^Fp, Hh, Hh^Es, Hh, Hh, Gll^Fp, Gd^Vo, Gll, Gs, Gll, Re, Gll, Gll^Fp, Rb, Sm, Wwg, Wwg, Ss, Gll^Fp, Chs, Chr, Gll^Es, Wwg, Ss, Sm, Rb, Rb, Wwrg, Wwrg, Mm, Mm, Mm
Mm, Mm, Hh^Vhh, Hh, Hh, Gll, Gll, Gs, Gll^Fp, Gll^Fp, Gll^Fp, Gs^Fms, Gs, Gs, Re, Re, Gs, Hh, Mm, Hh, Sm, Rb, Ss, Sm, Gll, Rb, Ss, Sm, Gll^Fp, Gll^Fp, Wwg, Ss^Vhs, Rb, Ss, Ss, Mm, Mm, Mm
Mm, Mm, Md, Hh, Hh, Gll^Fp, Gll^Fp, Gll, Gll, Gll^Es, Gll, Gll^Fp, Gs^Efm, Gs, Re, Gs, Hh, Mm, Mm, Chr, Chs, Sm, Ss, Rb, Sm, Ss, Sm, Sm, Wwf, Wwrg, Rb, Ss, Gll^Fp, Gll^Fp, Chr, Mm, Mm, Mm
Mm, Md, Mm, Md, Hh, Hh, Hh, Gs^Fms, Gll^Em, Gs, Gs, Gll, Gs, Gs, Re, Gs, Gll^Fp, Mm, Mm, 4 Khs, Chs, Rb, Gll^Fp, Rb, Ss, Rb, Sm, Gll, Rb, Ss, Rb, Gll, Rb, Gll^Fp, Hh, Hh, Mm, Mm
Mm, Mm, Mm, Mm, Md, Hh, Hh, Gll^Fp, Gll^Fp, Gll^Fp, Gs, Gs, Re, Re, Re, Gs, Gs^Fms, Mm, Mm, Mm, Mm, Hh, Hh, Rb, Ss^Vhs, Wwg, Wwg, Wwg, Sm, Ss, Gll^Fp, Ww^Ewl, Rb, Chs, 3 Khs, Mm, Mm, Mm
Mm, Mm, Mm, Mm, Mm, Hh^Es, Hh, Gll^Fp, Gll^Fp, Gs, Re, Re, Gs, Gs, Gs, Re, Gd^Vo, Gll^Fp, Hh, Mm, Mm, Mm, Mm, Rb, Hh, Gll, Wwg, Gll^Fp, Ss, Sm, Wwf, Wwg, Ss, Chs, Chs, Mm, Mm, Mm
Mm, Mm, Mm, Mm, Mm, Hh, Hh, Gd^Vo, Gs, Gs, Re, Gs, Gs, Gs, Gs, Re, Re, Gs^Fms, Gs, Hh, Hh, Mm, Mm, Mm, Mm, Hh, Wwg, Wwg, Ss, Sm, Rb, Wwg, Wwg, Hh, Hh, Hh, Hh^Edb, Mm
Mm, Mm, Mm, Mm, Mm, Hh, Gll^Fp, Gll, Re, Re, Gs^Es, Gs, Gll, Gll, Gs, Gs, Re, Gs, Gs, Gll^Fp, Gs^Fms, Mm, Gll^Fp, Mm, Mm, Sm, Gll^Fp, Ss, Rb, Sm, Rb^Es, Ss, Sm, Wwrg, Wwrg, Wwrg, Mm, Mm
Mm, Mm, Mm, Mm, Hh, Hh, Gs, Re, Gs, Gs, Gll^Fp, Gll^Fp, Gll^Fp, Gll^Fp, Gll^Fp, Gs, Gs, Re, Re, Gs^Es, Gs, Gs, Gs, Gll^Fp, Gll, Hh, Gs, Ss, Gll, Rb, Gll^Fp, Rb, Ss, Wwg, Hh, Ss^Vhs, Mm, Mm
Mm, Mm, Mm, Hh, Hh, Gs^Fms, Re, Re, Gll, Hh, Hh, Hh, Hh, Hh, Gll^Fp, Gll^Fp, Gll, Gs, Gs, Re, Re, Gs, Re, Gs, Gs, Gs^Efm, Gs, Gs, Gs, Gll^Fp, Gs^Fms, Rb, Ss, Hh, Hh, Mm, Mm, Mm
Mm, Mm, Xu, Hh, Xu, Gs^Fms, Re, Gs, Hh, Hh, Mm, Mm, Mm, Hh, Hh, Gll^Fp, Gs^Fms, Gll^Fp, Gs, Gs, Gs, Re, Gs^Es, Re, Re, Gs, Gs, Gs, Gs, Gs, Gs, Gd^Vo, Gs, Gll^Fp, Gll^Fp, Hh, Hh, Mm
Xu, Xu, Uh, Xu, Uh, Uu, Ur, Gll, Xu, Mm, Mm, Mm, Mm, Mm, Hh^Vhh, Hh, Hh, Gll^Em, Gll^Fp, Gll^Fp, Gll^Fp, Gs, Gll^Fp, Gs, Gs, Re, Re, Re, Re, Re, Re, Gs, Gs^Es, Gs, Gs, Gll^Fp, Gll^Fp, Gs^Fms
Xu, Uh, Uu^Vu, Uh, Uu, Uu, Ur, Uu, Xu, Mm, Mm, Mm, Mm, Mm, Mm, Mm, Mm, Hh, Gll^Fp, Gs^Fms, Hh, Gs^Fms, Gll, Gll^Fp, Gs, Gs, Gs, Gs, Gs, Gs^Efm, Gs, Re, Re, Gs, Gs, Gs^Efm, Gs, Gll^Fp
Xu, Uh, Uh, Uu, Ur, Ur, Ur, Uu, Uu, Xu, Xu, Mm, Xu, Mm, Xu, Mm, Mm, Hh, Hh, Hh, Gll^Fp, Gll^Fp, Gs, Gll^Fp, Gll^Fp, Gll^Fp, Gll^Fp, Gs, Gll^Fp, Gs, Gs, Gs, Gs, Re, Re, Gs, Gs, Rb
Uu, Uh, Uh, Ur, Uu, Uu, Uu, Ur, Ur, Uh, Cud, Xu, 5 Kud, Xu, Cud, Xu, Xu, Mm, Xu, Xu, Uu, Gll, Gll^Fp, Gd^Vo, Gll^Fp, Hh, Gll^Fp, Gs^Fms, Gll, Gs, Gll, Gs, Gs, Gs, Gs^Efm, Re, Re, Gs
Uu, Uh, Uu, Uu, Uu, Xu, Uu^Vu, Uu, Ur, Uu, Uu, Cud, Cud, Cud, Uu^Vu, Uh, Uh, Xu, Uu, Uu, Ur, Uu, Xu, Hh, Hh, Hh, Gll^Fp, Gll^Fp, Gll^Fp, Gll^Fp, Gs^Fms, Gll^Fp, Gll^Fp, Gs, Gs, Gs, Gs, Re
Uh, Uu^Vu, Uu, Uu, Xu, Xu, Xu, Uu, Uu, Ur, Ur, Uu, Uu, Uu, Uu, Uu, Uu, Uu, Ur, Ur, Uu, Uu^Vu, Xu, Hh, Mm, Hh, Hh, Gs^Fms, Gll^Fp, Gs^Fms, Gs^Fms, Gll^Fp, Gd^Vo, Gll, Gs, Gs, Gs^Fms, Gs
Uh, Uh, Uh, Uh, Xu, Xu, Xu, Xu, Xu, Uu, Uu, Ur, Ur, Uu, Uu, Uu, Ur, Ur, Uu, Uu, Gs, Uu, Mm, Xu, Mm, Hh, Hh, Hh, Hh, Gs^Fms, Gll^Fp, Gll^Fp, Gs, Gll, Gll^Fp, Gs^Em, Gll^Fp, Gs^Fms
